------------------------------------------------------------
TimeQuest Timing Analyzer Summary
------------------------------------------------------------

Type  : Slow 1200mV 85C Model Setup 'clkdiv:u0|clkout'
Slack : -3.813
TNS   : -159.262

Type  : Slow 1200mV 85C Model Setup 'CLK_50M'
Slack : -3.641
TNS   : -243.732

Type  : Slow 1200mV 85C Model Hold 'CLK_50M'
Slack : 0.006
TNS   : 0.000

Type  : Slow 1200mV 85C Model Hold 'clkdiv:u0|clkout'
Slack : 0.414
TNS   : 0.000

Type  : Slow 1200mV 85C Model Minimum Pulse Width 'CLK_50M'
Slack : -3.000
TNS   : -150.213

Type  : Slow 1200mV 85C Model Minimum Pulse Width 'clkdiv:u0|clkout'
Slack : -1.487
TNS   : -86.246

Type  : Slow 1200mV 0C Model Setup 'clkdiv:u0|clkout'
Slack : -3.480
TNS   : -143.630

Type  : Slow 1200mV 0C Model Setup 'CLK_50M'
Slack : -3.356
TNS   : -220.717

Type  : Slow 1200mV 0C Model Hold 'CLK_50M'
Slack : 0.173
TNS   : 0.000

Type  : Slow 1200mV 0C Model Hold 'clkdiv:u0|clkout'
Slack : 0.381
TNS   : 0.000

Type  : Slow 1200mV 0C Model Minimum Pulse Width 'CLK_50M'
Slack : -3.000
TNS   : -150.213

Type  : Slow 1200mV 0C Model Minimum Pulse Width 'clkdiv:u0|clkout'
Slack : -1.487
TNS   : -86.246

Type  : Fast 1200mV 0C Model Setup 'clkdiv:u0|clkout'
Slack : -1.033
TNS   : -34.722

Type  : Fast 1200mV 0C Model Setup 'CLK_50M'
Slack : -0.959
TNS   : -49.405

Type  : Fast 1200mV 0C Model Hold 'CLK_50M'
Slack : -0.190
TNS   : -0.190

Type  : Fast 1200mV 0C Model Hold 'clkdiv:u0|clkout'
Slack : 0.098
TNS   : 0.000

Type  : Fast 1200mV 0C Model Minimum Pulse Width 'CLK_50M'
Slack : -3.000
TNS   : -129.309

Type  : Fast 1200mV 0C Model Minimum Pulse Width 'clkdiv:u0|clkout'
Slack : -1.000
TNS   : -58.000

------------------------------------------------------------
