Flow report for sd_ddr_vga
Sat Aug 29 15:08:47 2015
Quartus II 64-Bit Version 12.1 Build 177 11/07/2012 SJ Full Version


---------------------
; Table of Contents ;
---------------------
  1. Legal Notice
  2. Flow Summary
  3. Flow Settings
  4. Flow Non-Default Global Settings
  5. Flow Elapsed Time
  6. Flow OS Summary
  7. Flow Log



----------------
; Legal Notice ;
----------------
Copyright (C) 1991-2012 Altera Corporation
Your use of Altera Corporation's design tools, logic functions 
and other software and tools, and its AMPP partner logic 
functions, and any output files from any of the foregoing 
(including device programming or simulation files), and any 
associated documentation or information are expressly subject 
to the terms and conditions of the Altera Program License 
Subscription Agreement, Altera MegaCore Function License 
Agreement, or other applicable license agreement, including, 
without limitation, that your use is for the sole purpose of 
programming logic devices manufactured by Altera and sold by 
Altera or its authorized distributors.  Please refer to the 
applicable agreement for further details.



+--------------------------------------------------------------------------------+
; Flow Summary                                                                   ;
+------------------------------------+-------------------------------------------+
; Flow Status                        ; Flow Failed - Sat Aug 29 15:08:47 2015    ;
; Quartus II 64-Bit Version          ; 12.1 Build 177 11/07/2012 SJ Full Version ;
; Revision Name                      ; sd_ddr_vga                                ;
; Top-level Entity Name              ; sd_ddr_vga                                ;
; Family                             ; Cyclone IV GX                             ;
; Total logic elements               ; N/A until Partition Merge                 ;
;     Total combinational functions  ; N/A until Partition Merge                 ;
;     Dedicated logic registers      ; N/A until Partition Merge                 ;
; Total registers                    ; N/A until Partition Merge                 ;
; Total pins                         ; N/A until Partition Merge                 ;
; Total virtual pins                 ; N/A until Partition Merge                 ;
; Total memory bits                  ; N/A until Partition Merge                 ;
; Embedded Multiplier 9-bit elements ; N/A until Partition Merge                 ;
; Total GXB Receiver Channel PCS     ; N/A until Partition Merge                 ;
; Total GXB Receiver Channel PMA     ; N/A until Partition Merge                 ;
; Total GXB Transmitter Channel PCS  ; N/A until Partition Merge                 ;
; Total GXB Transmitter Channel PMA  ; N/A until Partition Merge                 ;
; Total PLLs                         ; N/A until Partition Merge                 ;
+------------------------------------+-------------------------------------------+


+-----------------------------------------+
; Flow Settings                           ;
+-------------------+---------------------+
; Option            ; Setting             ;
+-------------------+---------------------+
; Start date & time ; 08/29/2015 15:08:47 ;
; Main task         ; Compilation         ;
; Revision Name     ; sd_ddr_vga          ;
+-------------------+---------------------+


+---------------------------------------------------------------------------------------------------+
; Flow Non-Default Global Settings                                                                  ;
+-----------------------+--------------------------------+---------------+-------------+------------+
; Assignment Name       ; Value                          ; Default Value ; Entity Name ; Section Id ;
+-----------------------+--------------------------------+---------------+-------------+------------+
; COMPILER_SIGNATURE_ID ; 48736235528460.144083212709324 ; --            ; --          ; --         ;
+-----------------------+--------------------------------+---------------+-------------+------------+


+----------------------------------------------------------------------------------------------------------------------------+
; Flow Elapsed Time                                                                                                          ;
+------------------------+--------------+-------------------------+---------------------+------------------------------------+
; Module Name            ; Elapsed Time ; Average Processors Used ; Peak Virtual Memory ; Total CPU Time (on all processors) ;
+------------------------+--------------+-------------------------+---------------------+------------------------------------+
; Analysis & Elaboration ; 00:00:00     ; 1.0                     ; 477 MB              ; 00:00:00                           ;
; Total                  ; 00:00:00     ; --                      ; --                  ; 00:00:00                           ;
+------------------------+--------------+-------------------------+---------------------+------------------------------------+


+-------------------------------------------------------------------------------------+
; Flow OS Summary                                                                     ;
+------------------------+------------------+-----------+------------+----------------+
; Module Name            ; Machine Hostname ; OS Name   ; OS Version ; Processor type ;
+------------------------+------------------+-----------+------------+----------------+
; Analysis & Elaboration ; LAOLUO-PC        ; Windows 7 ; 6.1        ; x86_64         ;
+------------------------+------------------+-----------+------------+----------------+


------------
; Flow Log ;
------------
quartus_map --read_settings_files=on --write_settings_files=off sd_ddr_lcd -c sd_ddr_vga --disable_all_banners --analysis_and_elaboration



