--------------------------------------------------------------------------------------
Timing Analyzer Summary
--------------------------------------------------------------------------------------

Type           : Worst-case tsu
Slack          : N/A
Required Time  : None
Actual Time    : 6.785 ns
From           : left
To             : debouncer:U3|key_in_dly1
From Clock     : --
To Clock       : clk
Failed Paths   : 0

Type           : Worst-case tco
Slack          : N/A
Required Time  : None
Actual Time    : 16.056 ns
From           : over_vga_control_module:U12|n[0]
To             : green_out
From Clock     : clk
To Clock       : --
Failed Paths   : 0

Type           : Worst-case tpd
Slack          : N/A
Required Time  : None
Actual Time    : 11.049 ns
From           : rst_n
To             : hsync_out
From Clock     : --
To Clock       : --
Failed Paths   : 0

Type           : Worst-case th
Slack          : N/A
Required Time  : None
Actual Time    : -6.120 ns
From           : right
To             : debouncer:U2|key_in_dly1
From Clock     : --
To Clock       : clk
Failed Paths   : 0

Type           : Clock Setup: 'pll_module:U1|altpll:altpll_component|_clk0'
Slack          : 2.378 ns
Required Time  : 40.00 MHz ( period = 25.000 ns )
Actual Time    : 44.20 MHz ( period = 22.622 ns )
From           : loading_happen:U15|little_square_num_r[0]
To             : loading_happen:U15|enable_little_r[264]
From Clock     : pll_module:U1|altpll:altpll_component|_clk0
To Clock       : pll_module:U1|altpll:altpll_component|_clk0
Failed Paths   : 0

Type           : Clock Hold: 'pll_module:U1|altpll:altpll_component|_clk0'
Slack          : 0.499 ns
Required Time  : 40.00 MHz ( period = 25.000 ns )
Actual Time    : N/A
From           : game_process:U22|game_current_process.game_over
To             : game_process:U22|game_current_process.game_over
From Clock     : pll_module:U1|altpll:altpll_component|_clk0
To Clock       : pll_module:U1|altpll:altpll_component|_clk0
Failed Paths   : 0

Type           : Total number of failed paths
Slack          : 
Required Time  : 
Actual Time    : 
From           : 
To             : 
From Clock     : 
To Clock       : 
Failed Paths   : 0

--------------------------------------------------------------------------------------

